// Jest Snapshot v1, https://goo.gl/fbAQLP

exports[`<SocialMediaIcons /> matches snapshot 1`] = `
<div
  class="sc-gtssRu kbYlSS"
  style="opacity: 0; transform: translateY(20px) translateZ(0);"
>
  <a
    aria-label="facebook"
    class="sc-dlnjPT caLAjc"
    href="https://facebook.com"
    target="__blank"
  >
    <div
      class="sc-bdnylx levWdn"
    >
      <svg
        fill="none"
        height="16"
        viewBox="0 0 65 16"
        width="65"
        xmlns="http://www.w3.org/2000/svg"
      >
        <path
          d="M0 1H61L42.5 14.5"
          stroke="white"
          stroke-width="2"
        />
      </svg>
    </div>
  </a>
  <a
    aria-label="linkedin"
    class="sc-dlnjPT caLAjc"
    href="https://linkedin.com"
    target="__blank"
  >
    <div
      class="sc-bdnylx levWdn"
    >
      <svg
        fill="none"
        height="16"
        viewBox="0 0 65 16"
        width="65"
        xmlns="http://www.w3.org/2000/svg"
      >
        <path
          d="M0 1H61L42.5 14.5"
          stroke="white"
          stroke-width="2"
        />
      </svg>
    </div>
  </a>
</div>
`;
