// Jest Snapshot v1, https://goo.gl/fbAQLP

exports[`<ServicesCTASection /> matches snapshot 1`] = `
<div
  class="sc-bdnylx bZvVzr"
>
  <div>
    <h2
      class="sc-jSFkmK kNfYpP"
      style="opacity: 0; transform: translateY(50px) translateZ(0);"
    >
      Stwórzmy od zera niepowtarzalny projekt, lub przenieśmy już istniejący na kolejny poziom.
    </h2>
    <div
      style="opacity: 0; transform: translateY(50px) translateZ(0);"
    >
      <div
        class="sc-dlnjPT ka-Dptu"
      >
        <a
          class="sc-hKFyIo fGlMDG"
          href="/wycena"
        >
          Bezpłatna wycena
          <div
            class="sc-eCApGN drKECk"
          >
            <div
              class="sc-gtssRu fiyWPK"
            >
              <svg
                fill="none"
                height="16"
                viewBox="0 0 65 16"
                width="65"
                xmlns="http://www.w3.org/2000/svg"
              >
                <path
                  d="M0 1H61L42.5 14.5"
                  stroke="white"
                  stroke-width="2"
                />
              </svg>
            </div>
          </div>
        </a>
      </div>
    </div>
  </div>
</div>
`;
