// Jest Snapshot v1, https://goo.gl/fbAQLP

exports[`<ProjectContent /> renders properly with images and matches snapshot 1`] = `
<div>
  <div
    class="sc-bdnylx bZvVzr"
  >
    <div
      class="sc-gtssRu gcVKIB gatsby-image-wrapper"
      style="position: relative; overflow: hidden;"
    >
      <div
        aria-hidden="true"
        style="width: 100%;"
      />
      <picture>
        
        <img
          alt=""
          loading="lazy"
          sizes=""
          src=""
          srcset=""
          style="position: absolute; top: 0px; left: 0px; width: 100%; height: 100%; object-fit: cover; object-position: center; opacity: 0; transition: opacity 500ms;"
        />
      </picture>
      <noscript>
        &lt;picture&gt;&lt;source srcset="" /&gt;&lt;img loading="lazy" src="" alt="" style="position:absolute;top:0;left:0;opacity:1;width:100%;height:100%;object-fit:cover;object-position:center"/&gt;&lt;/picture&gt;
      </noscript>
    </div>
  </div>
</div>
`;
